<?xml version="1.0" encoding="utf-8"?><testsuites name="pytest tests"><testsuite name="pytest" errors="0" failures="0" skipped="0" tests="66" time="1.619" timestamp="2026-08-27T04:09:39.927639+00:00" hostname="c-6a8fadbe-0167ce52-3b0a78c1670b"><testcase classname="tests.unit.python.test_config_store.TestConfigStore" name="test_initialization" time="0.170" /><testcase classname="tests.unit.python.test_config_store.TestConfigStore" name="test_get_default_value" time="0.011" /><testcase classname="tests.unit.python.test_config_store.TestConfigStore" name="test_set_and_get_value" time="0.011" /><testcase classname="tests.unit.python.test_config_store.TestConfigStore" name="test_get_string_or" time="0.019" /><testcase classname="tests.unit.python.test_config_store.TestConfigStore" name="test_telemetry_consent_enum" time="0.008" /><testcase classname="tests.unit.python.test_config_store.TestConfigStore" name="test_mark_first_run_completed" time="0.009" /><testcase classname="tests.unit.python.test_config_store.TestConfigStore" name="test_mark_initialized" time="0.007" /><testcase classname="tests.unit.python.test_config_store.TestConfigStore" name="test_is_first_run_boolean" time="0.009" /><testcase classname="tests.unit.python.test_config_store.TestConfigStore" name="test_cache_hit" time="0.008" /><testcase classname="tests.unit.python.test_config_store.TestConfigStore" name="test_set_with_enum" time="0.010" /><testcase classname="tests.unit.python.test_config_store.TestConfigStore" name="test_double_initialization" time="0.007" /><testcase classname="tests.unit.python.test_config_store.TestConfigStore" name="test_get_nonexistent_key" time="0.009" /><testcase classname="tests.unit.python.test_config_store.TestConfigStore" name="test_config_schema_structure" time="0.002" /><testcase classname="tests.unit.python.test_config_store.TestConfigStore" name="test_voice_enabled_default" time="0.022" /><testcase classname="tests.unit.python.test_config_store.TestConfigStore" name="test_auto_start_default" time="0.008" /><testcase classname="tests.unit.python.test_config_store.TestConfigStore" name="test_minimize_to_tray_default" time="0.010" /><testcase classname="tests.unit.python.test_config_store.TestConfigStore" name="test_theme_default" time="0.008" /><testcase classname="tests.unit.python.test_config_store.TestConfigStore" name="test_allow_insecure_tls_default" time="0.011" /><testcase classname="tests.unit.python.test_config_store.TestConfigStoreEdgeCases" name="test_empty_string_value" time="0.007" /><testcase classname="tests.unit.python.test_config_store.TestConfigStoreEdgeCases" name="test_unicode_value" time="0.009" /><testcase classname="tests.unit.python.test_config_store.TestConfigStoreEdgeCases" name="test_long_string_value" time="0.009" /><testcase classname="tests.unit.python.test_config_store.TestConfigStoreEdgeCases" name="test_validator_rejection" time="0.012" /><testcase classname="tests.unit.python.test_config_store.TestConfigStoreEdgeCases" name="test_parse_value_with_invalid_numeric" time="0.010" /><testcase classname="tests.unit.python.test_config_store.TestConfigStoreEdgeCases" name="test_concurrent_access" time="0.017" /><testcase classname="tests.unit.python.test_config_store.TestConfigStoreEdgeCases" name="test_initialize_during_get" time="0.011" /><testcase classname="tests.unit.python.test_config_store.TestConfigStoreEdgeCases" name="test_initialize_during_set" time="0.008" /><testcase classname="tests.unit.python.test_config_store.TestConfigStoreEdgeCases" name="test_double_initialization_concurrent" time="0.009" /><testcase classname="tests.unit.python.test_config_store.TestConfigStoreEdgeCases" name="test_parse_value_enum_invalid" time="0.008" /><testcase classname="tests.unit.python.test_config_store.TestConfigStoreEdgeCases" name="test_parse_value_boolean_false_string" time="0.009" /><testcase classname="tests.unit.python.test_config_store.TestConfigStoreEdgeCases" name="test_get_from_database_not_cache" time="0.021" /><testcase classname="tests.unit.python.test_config_store.TestConfigStoreEdgeCases" name="test_get_telemetry_consent_cached_enum" time="0.008" /><testcase classname="tests.unit.python.test_config_store.TestConfigStoreEdgeCases" name="test_get_telemetry_consent_invalid_cached_value" time="0.008" /><testcase classname="tests.unit.python.test_config_store.TestConfigStoreEdgeCases" name="test_is_first_run_with_boolean_true" time="0.008" /><testcase classname="tests.unit.python.test_config_store.TestConfigStoreEdgeCases" name="test_ensure_schema_version" time="0.008" /><testcase classname="tests.unit.python.test_database_manager.TestDatabaseManager" name="test_initialization" time="0.004" /><testcase classname="tests.unit.python.test_database_manager.TestDatabaseManager" name="test_db_path_property" time="0.004" /><testcase classname="tests.unit.python.test_database_manager.TestDatabaseManager" name="test_get_connection" time="0.004" /><testcase classname="tests.unit.python.test_database_manager.TestDatabaseManager" name="test_execute_statement" time="0.006" /><testcase classname="tests.unit.python.test_database_manager.TestDatabaseManager" name="test_executemany" time="0.006" /><testcase classname="tests.unit.python.test_database_manager.TestDatabaseManager" name="test_commit" time="0.005" /><testcase classname="tests.unit.python.test_database_manager.TestDatabaseManager" name="test_context_manager" time="0.005" /><testcase classname="tests.unit.python.test_database_manager.TestDatabaseManager" name="test_double_initialization" time="0.004" /><testcase classname="tests.unit.python.test_database_manager.TestDatabaseManager" name="test_close_and_reopen" time="0.005" /><testcase classname="tests.unit.python.test_database_manager.TestDatabaseManager" name="test_wal_mode_enabled" time="0.011" /><testcase classname="tests.unit.python.test_database_manager.TestDatabaseManager" name="test_synchronous_normal" time="0.004" /><testcase classname="tests.unit.python.test_database_manager.TestDatabaseManager" name="test_initialize_already_initialized" time="0.003" /><testcase classname="tests.unit.python.test_database_manager.TestDatabaseManager" name="test_get_connection_triggers_initialize" time="0.004" /><testcase classname="tests.unit.python.test_database_manager.TestDatabaseManager" name="test_get_connection_not_initialized_error" time="0.004" /><testcase classname="tests.unit.python.test_database_manager.TestDatabaseManager" name="test_commit_without_pool" time="0.002" /><testcase classname="tests.unit.python.test_database_manager.TestDatabaseManager" name="test_close_sets_initialized_false" time="0.004" /><testcase classname="tests.unit.python.test_lazy_loading.TestLazyLoading" name="test_config_store_lazy_load" time="0.003" /><testcase classname="tests.unit.python.test_lazy_loading.TestLazyLoading" name="test_database_manager_lazy_load" time="0.001" /><testcase classname="tests.unit.python.test_lazy_loading.TestLazyLoading" name="test_getattr_invalid_attribute" time="0.005" /><testcase classname="tests.unit.python.test_lazy_loading.TestLazyLoading" name="test_implemented_exports_accessible" time="0.001" /><testcase classname="tests.unit.python.test_lazy_loading.TestModuleMetadata" name="test_version_format" time="0.001" /><testcase classname="tests.unit.python.test_lazy_loading.TestModuleMetadata" name="test_author_not_empty" time="0.001" /><testcase classname="tests.unit.python.test_lazy_loading.TestModuleMetadata" name="test_all_is_list" time="0.001" /><testcase classname="tests.unit.python.test_lazy_loading.TestModuleMetadata" name="test_no_duplicates_in_all" time="0.001" /><testcase classname="tests.unit.python.test_lazy_loading.TestModuleMetadata" name="test_all_exports_unique_names" time="0.001" /><testcase classname="tests.unit.python.test_nori_core_init.TestNoriCoreInit" name="test_module_import" time="0.001" /><testcase classname="tests.unit.python.test_nori_core_init.TestNoriCoreInit" name="test_version_string" time="0.001" /><testcase classname="tests.unit.python.test_nori_core_init.TestNoriCoreInit" name="test_author_defined" time="0.001" /><testcase classname="tests.unit.python.test_nori_core_init.TestNoriCoreInit" name="test_all_exports_defined" time="0.001" /><testcase classname="tests.unit.python.test_nori_core_init.TestNoriCoreInit" name="test_lazy_loading_defers_imports" time="0.001" /><testcase classname="tests.unit.python.test_nori_core_init.TestNoriCoreInit" name="test_submodules_exist" time="0.001" /><testcase classname="tests.unit.python.test_nori_core_init.TestNoriCoreInit" name="test_init_files_exist" time="0.001" /></testsuite></testsuites>